
> mi-colacion@0.1.0 build
> next build

Ôû▓ Next.js 16.1.6 (Turbopack)
- Environments: .env.local

  Creating an optimized production build ...
Ô£ô Compiled successfully in 6.4s
  Running TypeScript ...
node.exe : Failed to 
compile.
En línea: 1 
Carácter: 1
+ & "C:\Program Files
\nodejs/node.exe" 
"C:\Program 
Files\nodejs/node_mo 
...
+ ~~~~~~~~~~~~~~~~~~~
~~~~~~~~~~~~~~~~~~~~~
~~~~~~~~~~~~~~~~~~~~~
~~~~~~~~
    + CategoryInfo   
           : NotSpe  
  cified: (Failed    
 to compile.:Stri    
ng) [], RemoteEx    
ception
    + FullyQualified 
   ErrorId : Native  
  CommandError
 

.next/dev/types/valid
ator.ts:170:39
Type error: File 'C:/
Users/mwarr/OneDrive 
- UNIVERSIDAD DE LAS 
AMERICAS/NOTEBOOK/PRO
YECTOS/Mi Colaci├│n/m
i-colacion/app/perfil
/page.tsx' is not a 
module.

[0m [90m 168 
|[39m {
 [90m 169 |[39m   
type __IsExpected[33
m<[39m[33mSpecific
[39m 
[36mextends[39m [3
3mAppPageConfig[39m
[33m<[39m[32m"/perf
il"[39m[33m>>[39m 
[33m=[39m 
[33mSpecific[39m
[31m[1m>[22m[39m
[90m 170 |[39m   
[36mconst[39m 
handler [33m=[39m 
{} [36mas[39m 
[36mtypeof[39m [36
mimport[39m([32m"..
/../../app/perfil/pag
e.js"[39m)
 [90m     |[39m    
                     
              
[31m[1m^[22m[39m
 [90m 171 |[39m   
type __Check 
[33m=[39m __IsExpec
ted[33m<[39m[36mty
peof[39m 
handler[33m>[39m
 [90m 172 |[39m   
[90m// 
@ts-ignore[39m
 [90m 173 |[39m   
type __Unused 
[33m=[39m 
__Check[0m
Next.js build worker 
exited with code: 1 
and signal: null
