
> mi-colacion@0.1.0 build
> next build

node.exe : ÔÜá Warning: 
Next.js inferred your 
workspace root, but it may 
not be correct.
En línea: 1 Carácter: 1
+ & "C:\Program 
Files\nodejs/node.exe" 
"C:\Program 
Files\nodejs/node_mo ...
+ ~~~~~~~~~~~~~~~~~~~~~~~~~~
~~~~~~~~~~~~~~~~~~~~~~~~~~~~
~~~~~~~~~~~~~~~
    + CategoryInfo          
    : NotSpecified: (ÔÜá W  
  arning: Ne...not be cor   
 rect.:String) [], Remot    
eException
    + FullyQualifiedErrorId 
    : NativeCommandError
 
 We detected multiple 
lockfiles and selected the 
directory of C:\Users\mwarr\
package-lock.json as the 
root directory.
 To silence this warning, 
set `turbopack.root` in 
your Next.js config, or 
consider removing one of 
the lockfiles if it's not 
needed.
   See https://nextjs.org/do
cs/app/api-reference/config/
next-config-js/turbopack#roo
t-directory for more 
information.
 Detected additional 
lockfiles: 
   * 
C:\Users\mwarr\OneDrive - 
UNIVERSIDAD DE LAS AMERICAS\
NOTEBOOK\PROYECTOS\Mi Colaci
├│n\mi-colacion\package-lock
.json

Ôû▓ Next.js 16.1.6 (Turbopack)
- Environments: .env.local

  Creating an optimized production build ...
Ô£ô Compiled successfully in 11.1s
  Running TypeScript ...
  Collecting page data using 11 workers ...
  Generating static pages using 11 workers (0/19) ...
  Generating static pages using 11 workers (4/19) 
  Generating static pages using 11 workers (9/19) 
ReferenceError: location is 
not defined
    at r 
(C:\Users\mwarr\OneDrive - 
UNIVERSIDAD DE LAS AMERICAS\
NOTEBOOK\PROYECTOS\Mi Colaci
├│n\mi-colacion\.next\server
\chunks\ssr\[root-of-the-ser
ver]__49a61843._.js:1:11875)
  Generating static pages using 11 workers (14/19) 
Ô£ô Generating static pages using 11 workers (19/19) in 986.7ms
  Finalizing page optimization ...

Route (app)
Ôöî ãÆ /
Ôö£ Ôùï /_not-found
Ôö£ ãÆ /admin
Ôö£ ãÆ /admin/menu
Ôö£ ãÆ /admin/menu/categorias
Ôö£ ãÆ /admin/menu/prepara-manana
Ôö£ ãÆ /admin/pedidos
Ôö£ ãÆ /admin/usuarios
Ôö£ ãÆ /api/test
Ôö£ ãÆ /auth/confirm
Ôö£ ãÆ /auth/signout
Ôö£ Ôùï /carrito
Ôö£ Ôùï /checkout
Ôö£ ãÆ /checkout/success
Ôö£ ãÆ /delivery
Ôö£ Ôùï /login
Ôö£ ãÆ /mis-pedidos
Ôö£ ãÆ /perfil
Ôöö Ôùï /style-guide


ãÆ Proxy (Middleware)

Ôùï  (Static)   prerendered as static content
ãÆ  (Dynamic)  server-rendered on demand

